Flutter crash report.
Please report a bug at https://github.com/flutter/flutter/issues.

## command

flutter --no-color run --machine --track-widget-creation --device-id=0515711048115564 --start-paused --dart-define=flutter.inspector.structuredErrors=true --devtools-server-address=http://127.0.0.1:9100 lib/main.dart

## exception

FormatException: FormatException: Unexpected character (at character 1)
../../runtime/vm/os_thread.cc: 348: error: Could not start thread DartWorke...
^


```
#0      _ChunkedJsonParser.fail (dart:convert-patch/convert_patch.dart:1467:5)
#1      _ChunkedJsonParser.parseNumber (dart:convert-patch/convert_patch.dart:1333:9)
#2      _ChunkedJsonParser.parse (dart:convert-patch/convert_patch.dart:935:22)
#3      _JsonStringDecoderSink.addSlice (dart:convert-patch/convert_patch.dart:1555:13)
#4      _JsonStringDecoderSink.add (dart:convert-patch/convert_patch.dart:1560:5)
#5      _ConverterStreamEventSink.add (dart:convert/chunked_conversion.dart:70:18)
#6      _SinkTransformerStreamSubscription._handleData (dart:async/stream_transformers.dart:115:24)
#7      _rootRunUnary (dart:async/zone.dart:1538:47)
#8      _CustomZone.runUnary (dart:async/zone.dart:1429:19)
#9      _CustomZone.runUnaryGuarded (dart:async/zone.dart:1329:7)
#10     _BufferingStreamSubscription._sendData (dart:async/stream_impl.dart:381:11)
#11     _BufferingStreamSubscription._add (dart:async/stream_impl.dart:312:7)
#12     _SinkTransformerStreamSubscription._add (dart:async/stream_transformers.dart:67:11)
#13     _EventSinkWrapper.add (dart:async/stream_transformers.dart:13:11)
#14     _StringAdapterSink.add (dart:convert/string_conversion.dart:228:11)
#15     _StringAdapterSink.addSlice (dart:convert/string_conversion.dart:233:7)
#16     _Utf8ConversionSink.addSlice (dart:convert/string_conversion.dart:313:20)
#17     _Utf8ConversionSink.add (dart:convert/string_conversion.dart:306:5)
#18     _ConverterStreamEventSink.add (dart:convert/chunked_conversion.dart:70:18)
#19     _SinkTransformerStreamSubscription._handleData (dart:async/stream_transformers.dart:115:24)
#20     _rootRunUnary (dart:async/zone.dart:1538:47)
#21     _CustomZone.runUnary (dart:async/zone.dart:1429:19)
#22     _CustomZone.runUnaryGuarded (dart:async/zone.dart:1329:7)
#23     _BufferingStreamSubscription._sendData (dart:async/stream_impl.dart:381:11)
#24     _BufferingStreamSubscription._add (dart:async/stream_impl.dart:312:7)
#25     _SyncStreamControllerDispatch._sendData (dart:async/stream_controller.dart:798:19)
#26     _StreamController._add (dart:async/stream_controller.dart:663:7)
#27     _StreamController.add (dart:async/stream_controller.dart:618:5)
#28     _Socket._onData (dart:io-patch/socket_patch.dart:2912:41)
#29     _rootRunUnary (dart:async/zone.dart:1546:13)
#30     _CustomZone.runUnary (dart:async/zone.dart:1429:19)
#31     _CustomZone.runUnaryGuarded (dart:async/zone.dart:1329:7)
#32     _BufferingStreamSubscription._sendData (dart:async/stream_impl.dart:381:11)
#33     _BufferingStreamSubscription._add (dart:async/stream_impl.dart:312:7)
#34     _SyncStreamControllerDispatch._sendData (dart:async/stream_controller.dart:798:19)
#35     _StreamController._add (dart:async/stream_controller.dart:663:7)
#36     _StreamController.add (dart:async/stream_controller.dart:618:5)
#37     new _RawSocket.<anonymous closure> (dart:io-patch/socket_patch.dart:2331:31)
#38     _NativeSocket.issueReadEvent.issue (dart:io-patch/socket_patch.dart:1655:14)
#39     _microtaskLoop (dart:async/schedule_microtask.dart:40:35)
#40     _startMicrotaskLoop (dart:async/schedule_microtask.dart:49:5)
#41     _runPendingImmediateCallback (dart:isolate-patch/isolate_patch.dart:127:13)
#42     _RawReceivePort._handleMessage (dart:isolate-patch/isolate_patch.dart:194:5)
```

## flutter doctor

```
[✓] Flutter (Channel stable, 3.35.5, on Parrot Security 6.4 (lorikeet) 6.12.32-amd64, locale en_US.UTF-8) [1,057ms]
    • Flutter version 3.35.5 on channel stable at /home/hanno/Dev/flutter
    • Upstream repository https://github.com/flutter/flutter.git
    • Framework revision ac4e799d23 (12 days ago), 2025-09-26 12:05:09 -0700
    • Engine revision d3d45dcf25
    • Dart version 3.9.2
    • DevTools version 2.48.0
    • Feature flags: enable-web, enable-linux-desktop, enable-macos-desktop, enable-windows-desktop, enable-android, enable-ios, cli-animations, enable-lldb-debugging

[✓] Android toolchain - develop for Android devices (Android SDK version 36.0.0) [10.9s]
    • Android SDK at /home/hanno/Android/Sdk
    • Emulator version 35.4.9.0 (build_id 13025442) (CL:N/A)
    • Platform android-36, build-tools 36.0.0
    • Java binary at: /home/hanno/Dev/android-studio/jbr/bin/java
      This is the JDK bundled with the latest Android Studio installation on this machine.
      To manually set the JDK path, use: `flutter config --jdk-dir="path/to/jdk"`.
    • Java version OpenJDK Runtime Environment (build 21.0.5+-12932927-b750.29)
    • All Android licenses accepted.

[✓] Chrome - develop for the web [357ms]
    • Chrome at google-chrome

[✗] Linux toolchain - develop for Linux desktop [5.7s]
    • Debian clang version 14.0.6
    ✗ CMake is required for Linux development.
      It is likely available from your distribution (e.g.: apt install cmake), or can be downloaded from https://cmake.org/download/
    ✗ ninja is required for Linux development.
      It is likely available from your distribution (e.g.: apt install ninja-build), or can be downloaded from https://github.com/ninja-build/ninja/releases
    • pkg-config version 1.8.1
    ✗ GTK 3.0 development libraries are required for Linux development.
      They are likely available from your distribution (e.g.: apt install libgtk-3-dev)
    • GL_EXT_framebuffer_blit: no
    • GL_EXT_texture_format_BGRA8888: no

[✓] Android Studio (version 2024.3) [319ms]
    • Android Studio at /home/hanno/Dev/android-studio
    • Flutter plugin version 87.1
    • Dart plugin version 243.27824.5
    • Java version OpenJDK Runtime Environment (build 21.0.5+-12932927-b750.29)

[✓] IntelliJ IDEA Community Edition (version 2024.3) [7ms]
    • IntelliJ at /home/hanno/Dev/idea-IC-243.26053.27
    • Flutter plugin can be installed from:
      🔨 https://plugins.jetbrains.com/plugin/9212-flutter
    • Dart plugin can be installed from:
      🔨 https://plugins.jetbrains.com/plugin/6351-dart

[✓] Connected device (3 available) [4.1s]
    • Infinix X650B (mobile) • 0515711048115564 • android-arm    • Android 9 (API 28)
    • Linux (desktop)        • linux            • linux-x64      • Parrot Security 6.4 (lorikeet) 6.12.32-amd64
    • Chrome (web)           • chrome           • web-javascript • Google Chrome 141.0.7390.54

[✓] Network resources [1,074ms]
    • All expected network resources are available.

! Doctor found issues in 1 category.
```
